../../CM7/../../CM7/TouchGFX/gui/include/gui/grafic_screen/GraficPresenter.hpp:28:13:GraficPresenter::~GraficPresenter()	0	static
F:/trabajo_final/interface/interfaz/CM7/TouchGFX/gui/src/grafic_screen/GraficPresenter.cpp:10:6:virtual void GraficPresenter::activate()	0	static
../../CM7/../../CM7/TouchGFX/gui/include/gui/grafic_screen/GraficPresenter.hpp:28:13:virtual GraficPresenter::~GraficPresenter()	8	static
../../CM7/../../CM7/TouchGFX/gui/include/gui/grafic_screen/GraficPresenter.hpp:28:13:virtual void* GraficPresenter::_ZThn4_N15GraficPresenterD1Ev()	0	static
F:/trabajo_final/interface/interfaz/CM7/TouchGFX/gui/src/grafic_screen/GraficPresenter.cpp:4:1:GraficPresenter::GraficPresenter(GraficView&)	0	static
