../../CM7/../../CM7/Middlewares/ST/touchgfx/framework/include/touchgfx/Screen.hpp:104:18:virtual void touchgfx::Screen::afterTransition()	0	static
../../CM7/../../CM7/Middlewares/ST/touchgfx/framework/include/touchgfx/Screen.hpp:144:18:virtual void touchgfx::Screen::handleTickEvent()	0	static
../../CM7/../../CM7/Middlewares/ST/touchgfx/framework/include/touchgfx/Screen.hpp:154:18:virtual void touchgfx::Screen::handleKeyEvent(uint8_t)	0	static
../../CM7/../../CM7/TouchGFX/generated/gui_generated/include/gui_generated/grafic_screen/GraficViewBase.hpp:29:18:virtual void GraficViewBase::action1()	0	static
F:/trabajo_final/interface/interfaz/CM7/TouchGFX/gui/src/grafic_screen/GraficView.cpp:24:6:virtual void GraficView::tearDownScreen()	0	static
../../CM7/../../CM7/TouchGFX/gui/include/gui/grafic_screen/GraficView.hpp:13:13:GraficView::~GraficView()	8	static
../../CM7/../../CM7/TouchGFX/gui/include/gui/grafic_screen/GraficView.hpp:13:13:virtual GraficView::~GraficView()	8	static
F:/trabajo_final/interface/interfaz/CM7/TouchGFX/gui/src/grafic_screen/GraficView.cpp:3:1:GraficView::GraficView()	8	static
F:/trabajo_final/interface/interfaz/CM7/TouchGFX/gui/src/grafic_screen/GraficView.cpp:8:6:virtual void GraficView::setupScreen()	32	static
