../../CM7/../../CM7/TouchGFX/gui/include/gui/waitingscreen_screen/WaitingScreenPresenter.hpp:28:13:WaitingScreenPresenter::~WaitingScreenPresenter()	0	static
F:/trabajo_final/interface/interfaz/CM7/TouchGFX/gui/src/waitingscreen_screen/WaitingScreenPresenter.cpp:10:6:virtual void WaitingScreenPresenter::activate()	0	static
../../CM7/../../CM7/TouchGFX/gui/include/gui/waitingscreen_screen/WaitingScreenPresenter.hpp:28:13:virtual WaitingScreenPresenter::~WaitingScreenPresenter()	8	static
../../CM7/../../CM7/TouchGFX/gui/include/gui/waitingscreen_screen/WaitingScreenPresenter.hpp:28:13:virtual void* WaitingScreenPresenter::_ZThn4_N22WaitingScreenPresenterD1Ev()	0	static
F:/trabajo_final/interface/interfaz/CM7/TouchGFX/gui/src/waitingscreen_screen/WaitingScreenPresenter.cpp:4:1:WaitingScreenPresenter::WaitingScreenPresenter(WaitingScreenView&)	0	static
