../../CM7/../../CM7/Middlewares/ST/touchgfx/framework/include/touchgfx/Screen.hpp:104:18:virtual void touchgfx::Screen::afterTransition()	0	static
../../CM7/../../CM7/Middlewares/ST/touchgfx/framework/include/touchgfx/Screen.hpp:144:18:virtual void touchgfx::Screen::handleTickEvent()	0	static
../../CM7/../../CM7/Middlewares/ST/touchgfx/framework/include/touchgfx/Screen.hpp:154:18:virtual void touchgfx::Screen::handleKeyEvent(uint8_t)	0	static
../../CM7/../../CM7/TouchGFX/generated/gui_generated/include/gui_generated/waitingscreen_screen/WaitingScreenViewBase.hpp:26:18:virtual void WaitingScreenViewBase::action1()	0	static
F:/trabajo_final/interface/interfaz/CM7/TouchGFX/gui/src/waitingscreen_screen/WaitingScreenView.cpp:13:6:virtual void WaitingScreenView::tearDownScreen()	0	static
../../CM7/../../CM7/TouchGFX/gui/include/gui/waitingscreen_screen/WaitingScreenView.hpp:11:13:WaitingScreenView::~WaitingScreenView()	8	static
../../CM7/../../CM7/TouchGFX/gui/include/gui/waitingscreen_screen/WaitingScreenView.hpp:11:13:virtual WaitingScreenView::~WaitingScreenView()	8	static
F:/trabajo_final/interface/interfaz/CM7/TouchGFX/gui/src/waitingscreen_screen/WaitingScreenView.cpp:3:1:WaitingScreenView::WaitingScreenView()	8	static
F:/trabajo_final/interface/interfaz/CM7/TouchGFX/gui/src/waitingscreen_screen/WaitingScreenView.cpp:8:6:virtual void WaitingScreenView::setupScreen()	0	static
