../../CM7/../../CM7/TouchGFX/gui/include/gui/waitingscreen_screen/WaitingScreenPresenter.hpp:31:13:WaitingScreenPresenter::~WaitingScreenPresenter()	0	static
F:/trabajo_final/interface/interfaz/CM7/TouchGFX/gui/src/waitingscreen_screen/WaitingScreenPresenter.cpp:11:6:virtual void WaitingScreenPresenter::activate()	0	static
../../CM7/../../CM7/TouchGFX/gui/include/gui/waitingscreen_screen/WaitingScreenPresenter.hpp:31:13:virtual WaitingScreenPresenter::~WaitingScreenPresenter()	8	static
F:/trabajo_final/interface/interfaz/CM7/TouchGFX/gui/src/waitingscreen_screen/WaitingScreenPresenter.cpp:16:6:virtual void WaitingScreenPresenter::deactivate()	8	static
F:/trabajo_final/interface/interfaz/CM7/TouchGFX/gui/src/waitingscreen_screen/WaitingScreenPresenter.cpp:37:6:static void WaitingScreenPresenter::ledDisplayTask(void*)	32	static
../../CM7/../../CM7/TouchGFX/gui/include/gui/waitingscreen_screen/WaitingScreenPresenter.hpp:31:13:virtual void* WaitingScreenPresenter::_ZThn4_N22WaitingScreenPresenterD1Ev()	0	static
F:/trabajo_final/interface/interfaz/CM7/TouchGFX/gui/src/waitingscreen_screen/WaitingScreenPresenter.cpp:4:1:WaitingScreenPresenter::WaitingScreenPresenter(WaitingScreenView&)	8	static
F:/trabajo_final/interface/interfaz/CM7/TouchGFX/gui/src/waitingscreen_screen/WaitingScreenPresenter.cpp:25:6:void WaitingScreenPresenter::Start_Pattern()	16	static
F:/trabajo_final/interface/interfaz/CM7/TouchGFX/gui/src/waitingscreen_screen/WaitingScreenPresenter.cpp:61:6:void WaitingScreenPresenter::checkProgressUpdate()	16	static
